\BOOKMARK [0][-]{Doc-Start}{\376\377\000R\000e\000s\000u\000m\000e\000n}{}% 1
\BOOKMARK [0][-]{chapter.1}{\376\377\000I\000n\000t\000r\000o\000d\000u\000c\000c\000i\000\363\000n\000\040\000y\000\040\000p\000a\000n\000o\000r\000a\000m\000a\000\040\000h\000i\000s\000t\000\363\000r\000i\000c\000o}{}% 2
\BOOKMARK [1][-]{section.1.1}{\376\377\000E\000l\000\040\000f\000e\000n\000\363\000m\000e\000n\000o\000\040\000e\000n\000\040\000s\000u\000\040\000d\000e\000f\000i\000n\000i\000c\000i\000\363\000n\000\040\000o\000p\000e\000r\000a\000c\000i\000o\000n\000a\000l}{chapter.1}% 3
\BOOKMARK [1][-]{section.1.2}{\376\377\000N\000o\000t\000a\000s\000\040\000h\000i\000s\000t\000\363\000r\000i\000c\000a\000s\000:\000\040\0002\0003\0005\0000\000\040\000a\000\361\000o\000s\000\040\000d\000e\000\040\000o\000b\000s\000e\000r\000v\000a\000c\000i\000\363\000n}{chapter.1}% 4
\BOOKMARK [1][-]{section.1.3}{\376\377\000E\000l\000\040\000r\000e\000d\000e\000s\000c\000u\000b\000r\000i\000m\000i\000e\000n\000t\000o\000\040\000d\000e\000\040\000M\000p\000e\000m\000b\000a\000\040\000\050\0001\0009\0006\0003\040\023\0001\0009\0006\0009\000\051}{chapter.1}% 5
\BOOKMARK [1][-]{section.1.4}{\376\377\000E\000l\000\040\000p\000r\000o\000b\000l\000e\000m\000a\000\040\000d\000e\000\040\000l\000a\000\040\000r\000e\000p\000r\000o\000d\000u\000c\000i\000b\000i\000l\000i\000d\000a\000d\000\040\000y\000\040\000l\000a\000\040\000d\000e\000f\000i\000n\000i\000c\000i\000\363\000n\000\040\000r\000i\000g\000u\000r\000o\000s\000a}{chapter.1}% 6
\BOOKMARK [1][-]{section.1.5}{\376\377\000L\000a\000\040\000r\000e\000f\000o\000r\000m\000u\000l\000a\000c\000i\000\363\000n\000\040\000m\000o\000d\000e\000r\000n\000a\000\040\000d\000e\000l\000\040\000f\000e\000n\000\363\000m\000e\000n\000o}{chapter.1}% 7
\BOOKMARK [1][-]{section.1.6}{\376\377\000E\000s\000t\000r\000u\000c\000t\000u\000r\000a\000\040\000d\000e\000\040\000e\000s\000t\000e\000\040\000d\000o\000c\000u\000m\000e\000n\000t\000o}{chapter.1}% 8
\BOOKMARK [0][-]{chapter.2}{\376\377\000E\000l\000\040\000d\000e\000b\000a\000t\000e\000\040\000e\000x\000p\000e\000r\000i\000m\000e\000n\000t\000a\000l\000\040\000c\000l\000\341\000s\000i\000c\000o\000:\000\040\000d\000e\000l\000\040\000a\000g\000u\000a\000\040\000h\000i\000r\000v\000i\000e\000n\000d\000o\000\040\000a\000l\000\040\000s\000i\000t\000i\000o\000\040\000d\000e\000\040\000n\000u\000c\000l\000e\000a\000c\000i\000\363\000n\000\040\000c\000o\000n\000t\000r\000o\000l\000a\000d\000o}{}% 9
\BOOKMARK [1][-]{section.2.1}{\376\377\000L\000a\000\040\000e\000x\000p\000e\000r\000i\000e\000n\000c\000i\000a\000\040\000p\000r\000i\000m\000i\000g\000e\000n\000i\000a\000\040\000d\000e\000\040\000M\000p\000e\000m\000b\000a\000\040\000y\000\040\000O\000s\000b\000o\000r\000n\000e\000\040\000\050\0001\0009\0006\0009\000\051}{chapter.2}% 10
\BOOKMARK [1][-]{section.2.2}{\376\377\000P\000r\000o\000b\000l\000e\000m\000a\000s\000\040\000e\000p\000i\000s\000t\000e\000m\000o\000l\000\363\000g\000i\000c\000o\000s\000\040\000d\000e\000\040\000l\000a\000\040\000d\000e\000f\000i\000n\000i\000c\000i\000\363\000n\000\040\000c\000l\000\341\000s\000i\000c\000a}{chapter.2}% 11
\BOOKMARK [1][-]{section.2.3}{\376\377\000E\000l\000\040\000a\000n\000\341\000l\000i\000s\000i\000s\000\040\000c\000r\000\355\000t\000i\000c\000o\000\040\000d\000e\000\040\000B\000u\000r\000r\000i\000d\000g\000e\000\040\000y\000\040\000L\000i\000n\000d\000e\000n\000\040\000\050\0002\0000\0001\0006\000\051}{chapter.2}% 12
\BOOKMARK [1][-]{section.2.4}{\376\377\000L\000a\000\040\000r\000e\000h\000a\000b\000i\000l\000i\000t\000a\000c\000i\000\363\000n\000\040\000e\000x\000p\000e\000r\000i\000m\000e\000n\000t\000a\000l\000:\000\040\000H\000a\000l\000l\000s\000t\000a\000d\000i\000u\000s\000\040\000y\000\040\000B\000u\000r\000r\000i\000d\000g\000e\000\040\000\050\0002\0000\0002\0000\000\051}{chapter.2}% 13
\BOOKMARK [1][-]{section.2.5}{\376\377\000M\000e\000c\000a\000n\000i\000s\000m\000o\000s\000\040\000m\000i\000c\000r\000o\000s\000c\000\363\000p\000i\000c\000o\000s\000\040\000p\000r\000o\000p\000u\000e\000s\000t\000o\000s\000\040\000e\000n\000\040\000l\000a\000\040\000l\000i\000t\000e\000r\000a\000t\000u\000r\000a\000\040\000c\000l\000\341\000s\000i\000c\000a}{chapter.2}% 14
\BOOKMARK [1][-]{section.2.6}{\376\377\000I\000m\000p\000l\000i\000c\000a\000c\000i\000o\000n\000e\000s\000\040\000p\000a\000r\000a\000\040\000l\000a\000\040\000t\000e\000o\000r\000\355\000a\000\040\000g\000e\000n\000e\000r\000a\000l}{chapter.2}% 15
\BOOKMARK [0][-]{chapter.3}{\376\377\000M\000e\000c\000a\000n\000i\000s\000m\000o\000s\000\040\000e\000s\000t\000r\000u\000c\000t\000u\000r\000a\000l\000e\000s\000\040\000e\000n\000\040\000a\000g\000u\000a\000\040\000l\000\355\000q\000u\000i\000d\000a\000:\000\040\000e\000n\000l\000a\000c\000e\000s\000\040\000d\000e\000\040\000h\000i\000d\000r\000\363\000g\000e\000n\000o\000\040\000y\000\040\000s\000u\000p\000e\000r\000s\000o\000l\000i\000d\000e\000z}{}% 16
\BOOKMARK [1][-]{section.3.1}{\376\377\000E\000l\000\040\000p\000a\000r\000a\000d\000i\000g\000m\000a\000\040\000d\000e\000\040\000Z\000h\000a\000n\000g\000\040\000e\000t\000\040\000a\000l\000.\000:\000\040\000m\000e\000m\000o\000r\000i\000a\000\040\000d\000e\000\040\000e\000n\000l\000a\000c\000e\000s\000\040\000d\000e\000\040\000h\000i\000d\000r\000\363\000g\000e\000n\000o\000\040\000y\000\040\000s\000u\000p\000e\000r\000s\000o\000l\000i\000d\000e\000z\000\040\000d\000e\000\040\000p\000i\000e\000l}{chapter.3}% 17
\BOOKMARK [2][-]{subsection.3.1.1}{\376\377\000E\000s\000t\000r\000u\000c\000t\000u\000r\000a\000\040\000d\000e\000l\000\040\000e\000n\000l\000a\000c\000e\000\040\000O\000:\000H\000-\000O\000\040\000y\000\040\000s\000u\000s\000\040\000d\000o\000s\000\040\000c\000o\000m\000p\000o\000n\000e\000n\000t\000e\000s}{section.3.1}% 18
\BOOKMARK [2][-]{subsection.3.1.2}{\376\377\000E\000c\000u\000a\000c\000i\000\363\000n\000\040\000d\000e\000\040\000F\000o\000u\000r\000i\000e\000r\000\040\000m\000o\000d\000i\000f\000i\000c\000a\000d\000a}{section.3.1}% 19
\BOOKMARK [2][-]{subsection.3.1.3}{\376\377\000S\000u\000p\000e\000r\000s\000o\000l\000i\000d\000e\000z\000\040\000d\000e\000\040\000p\000i\000e\000l}{section.3.1}% 20
\BOOKMARK [1][-]{section.3.2}{\376\377\000M\000e\000c\000a\000n\000i\000s\000m\000o\000s\000\040\000m\000i\000c\000r\000o\000s\000c\000\363\000p\000i\000c\000o\000s\000:\000\040\000e\000l\000\040\000m\000o\000d\000e\000l\000o\000\040\000d\000e\000\040\000J\000i\000n\000\040\000y\000\040\000G\000o\000d\000d\000a\000r\000d\000\040\000\050\0002\0000\0001\0005\000\051}{chapter.3}% 21
\BOOKMARK [2][-]{subsection.3.2.1}{\376\377\000P\000r\000o\000t\000o\000c\000o\000l\000o\000\040\000d\000e\000\040\000q\000u\000e\000n\000c\000h}{section.3.2}% 22
\BOOKMARK [2][-]{subsection.3.2.2}{\376\377\000R\000e\000s\000u\000l\000t\000a\000d\000o\000s\000\040\000c\000l\000a\000v\000e\000:\000\040\000e\000l\000\040\000p\000a\000p\000e\000l\000\040\000d\000e\000l\000\040\000h\000e\000x\000\341\000m\000e\000r\000o}{section.3.2}% 23
\BOOKMARK [2][-]{subsection.3.2.3}{\376\377\000V\000e\000r\000i\000f\000i\000c\000a\000c\000i\000\363\000n\000\040\000p\000o\000r\000\040\000c\000o\000n\000g\000e\000l\000a\000m\000i\000e\000n\000t\000o\000\040\000d\000e\000\040\000h\000e\000x\000\341\000m\000e\000r\000o\000\040\000f\000i\000j\000o}{section.3.2}% 24
\BOOKMARK [1][-]{section.3.3}{\376\377\000E\000l\000\040\000p\000a\000r\000a\000d\000i\000g\000m\000a\000\040\000p\000o\000l\000i\000m\000\351\000r\000i\000c\000o\000\040\000d\000e\000\040\000N\000a\000s\000e\000r\000i\000f\000a\000r\000\040\000y\000\040\000G\000o\000d\000d\000a\000r\000d\000\040\000\050\0002\0000\0001\0009\000\051}{chapter.3}% 25
\BOOKMARK [2][-]{subsection.3.3.1}{\376\377\000E\000l\000\040\000d\000e\000s\000c\000u\000b\000r\000i\000m\000i\000e\000n\000t\000o\000:\000\040\000a\000g\000u\000a\000\040\000c\000o\000m\000o\000\040\000p\000o\000l\000\355\000m\000e\000r\000o\000\040\000d\000i\000n\000\341\000m\000i\000c\000o\000\040\000r\000a\000m\000i\000f\000i\000c\000a\000d\000o}{section.3.3}% 26
\BOOKMARK [2][-]{subsection.3.3.2}{\376\377\000E\000s\000t\000r\000u\000c\000t\000u\000r\000a\000\040\000d\000e\000\040\000l\000a\000\040\000c\000a\000d\000e\000n\000a\000\040\000p\000o\000l\000i\000m\000\351\000r\000i\000c\000a}{section.3.3}% 27
\BOOKMARK [2][-]{subsection.3.3.3}{\376\377\000T\000r\000a\000n\000s\000i\000c\000i\000\363\000n\000\040\000v\000\355\000t\000r\000e\000a\000\040\000a\000\040\0002\0002\0007\000\040\000K}{section.3.3}% 28
\BOOKMARK [2][-]{subsection.3.3.4}{\376\377\000C\000o\000n\000e\000x\000i\000\363\000n\000\040\000c\000o\000n\000\040\000e\000l\000\040\000e\000f\000e\000c\000t\000o\000\040\000M\000p\000e\000m\000b\000a\000:\000\040\000e\000l\000\040\000q\000u\000e\000n\000c\000h\000\040\000p\000o\000l\000i\000m\000\351\000r\000i\000c\000o}{section.3.3}% 29
\BOOKMARK [1][-]{section.3.4}{\376\377\000S\000\355\000n\000t\000e\000s\000i\000s\000\040\000d\000e\000l\000\040\000m\000a\000r\000c\000o\000\040\000m\000o\000l\000e\000c\000u\000l\000a\000r}{chapter.3}% 30
\BOOKMARK [0][-]{chapter.4}{\376\377\000D\000i\000n\000\341\000m\000i\000c\000a\000\040\000m\000a\000r\000k\000o\000v\000i\000a\000n\000a\000\040\000f\000u\000e\000r\000a\000\040\000d\000e\000l\000\040\000e\000q\000u\000i\000l\000i\000b\000r\000i\000o\000:\000\040\000e\000l\000\040\000f\000o\000r\000m\000a\000l\000i\000s\000m\000o\000\040\000d\000e\000\040\000L\000u\000\040\000y\000\040\000R\000a\000z}{}% 31
\BOOKMARK [1][-]{section.4.1}{\376\377\000M\000o\000t\000i\000v\000a\000c\000i\000\363\000n\000:\000\040\000e\000l\000\040\000e\000f\000e\000c\000t\000o\000\040\000M\000p\000e\000m\000b\000a\000\040\000c\000o\000m\000o\000\040\000p\000r\000o\000p\000i\000e\000d\000a\000d\000\040\000g\000e\000n\000\351\000r\000i\000c\000a}{chapter.4}% 32
\BOOKMARK [1][-]{section.4.2}{\376\377\000M\000a\000r\000c\000o\000\040\000m\000a\000t\000e\000m\000\341\000t\000i\000c\000o\000:\000\040\000e\000c\000u\000a\000c\000i\000\363\000n\000\040\000m\000a\000e\000s\000t\000r\000a\000\040\000y\000\040\000o\000p\000e\000r\000a\000d\000o\000r\000\040\000d\000e\000\040\000t\000a\000s\000a\000s}{chapter.4}% 33
\BOOKMARK [2][-]{subsection.4.2.1}{\376\377\000B\000a\000l\000a\000n\000c\000e\000\040\000d\000e\000t\000a\000l\000l\000a\000d\000o\000\040\000y\000\040\000d\000i\000s\000t\000r\000i\000b\000u\000c\000i\000\363\000n\000\040\000d\000e\000\040\000e\000q\000u\000i\000l\000i\000b\000r\000i\000o}{section.4.2}% 34
\BOOKMARK [2][-]{subsection.4.2.2}{\376\377\000D\000e\000s\000c\000o\000m\000p\000o\000s\000i\000c\000i\000\363\000n\000\040\000e\000s\000p\000e\000c\000t\000r\000a\000l}{section.4.2}% 35
\BOOKMARK [2][-]{subsection.4.2.3}{\376\377\000S\000o\000l\000u\000c\000i\000\363\000n\000\040\000g\000e\000n\000e\000r\000a\000l\000\040\000d\000e\000\040\000l\000a\000\040\000e\000c\000u\000a\000c\000i\000\363\000n\000\040\000m\000a\000e\000s\000t\000r\000a}{section.4.2}% 36
\BOOKMARK [2][-]{subsection.4.2.4}{\376\377\000R\000\351\000g\000i\000m\000e\000n\000\040\000a\000s\000i\000n\000t\000\363\000t\000i\000c\000o\000\040\000y\000\040\000m\000o\000d\000o\000\040\000d\000o\000m\000i\000n\000a\000n\000t\000e}{section.4.2}% 37
\BOOKMARK [1][-]{section.4.3}{\376\377\000C\000r\000i\000t\000e\000r\000i\000o\000\040\000d\000e\000l\000\040\000e\000f\000e\000c\000t\000o\000\040\000M\000p\000e\000m\000b\000a}{chapter.4}% 38
\BOOKMARK [2][-]{subsection.4.3.1}{\376\377\000F\000u\000n\000c\000i\000\363\000n\000\040\000d\000e\000\040\000d\000i\000s\000t\000a\000n\000c\000i\000a\000\040\000e\000n\000t\000r\000\363\000p\000i\000c\000a}{section.4.3}% 39
\BOOKMARK [1][-]{section.4.4}{\376\377\000E\000j\000e\000m\000p\000l\000o\000\040\000p\000a\000r\000a\000d\000i\000g\000m\000\341\000t\000i\000c\000o\000:\000\040\000s\000i\000s\000t\000e\000m\000a\000\040\000d\000e\000\040\000t\000r\000e\000s\000\040\000e\000s\000t\000a\000d\000o\000s}{chapter.4}% 40
\BOOKMARK [2][-]{subsection.4.4.1}{\376\377\000C\000\341\000l\000c\000u\000l\000o\000\040\000n\000u\000m\000\351\000r\000i\000c\000o\000\040\000d\000e\000l\000\040\000c\000o\000e\000f\000i\000c\000i\000e\000n\000t\000e\000\040\000c\0002\000\050\000T\000\051}{section.4.4}% 41
\BOOKMARK [1][-]{section.4.5}{\376\377\000E\000l\000\040\000e\000f\000e\000c\000t\000o\000\040\000M\000p\000e\000m\000b\000a\000\040\000i\000n\000v\000e\000r\000s\000o\000\040\000\050\000c\000a\000l\000e\000n\000t\000a\000m\000i\000e\000n\000t\000o\000\040\000a\000n\000\363\000m\000a\000l\000o\000\051}{chapter.4}% 42
\BOOKMARK [2][-]{subsection.4.5.1}{\376\377\000A\000s\000i\000m\000e\000t\000r\000\355\000a\000\040\000t\000e\000r\000m\000o\000d\000i\000n\000\341\000m\000i\000c\000a\000\040\000d\000e\000\040\000l\000o\000s\000\040\000p\000r\000o\000c\000e\000s\000o\000s\000\040\000d\000i\000r\000e\000c\000t\000o\000\040\000e\000\040\000i\000n\000v\000e\000r\000s\000o}{section.4.5}% 43
\BOOKMARK [1][-]{section.4.6}{\376\377\000M\000o\000d\000e\000l\000o\000\040\000d\000e\000\040\000I\000s\000i\000n\000g\000\040\0001\000D\000\040\000a\000n\000t\000i\000f\000e\000r\000r\000o\000m\000a\000g\000n\000\351\000t\000i\000c\000o\000\040\000e\000n\000\040\000c\000a\000d\000e\000n\000a}{chapter.4}% 44
\BOOKMARK [1][-]{section.4.7}{\376\377\000I\000m\000p\000l\000e\000m\000e\000n\000t\000a\000c\000i\000\363\000n\000\040\000n\000u\000m\000\351\000r\000i\000c\000a}{chapter.4}% 45
\BOOKMARK [2][-]{subsection.4.7.1}{\376\377\000V\000a\000l\000i\000d\000a\000c\000i\000\363\000n\000\040\000n\000u\000m\000\351\000r\000i\000c\000a}{section.4.7}% 46
\BOOKMARK [0][-]{chapter.5}{\376\377\000E\000l\000\040\000e\000f\000e\000c\000t\000o\000\040\000M\000p\000e\000m\000b\000a\000\040\000f\000u\000e\000r\000t\000e\000\040\000y\000\040\000e\000l\000\040\000\355\000n\000d\000i\000c\000e\000\040\000t\000o\000p\000o\000l\000\363\000g\000i\000c\000o}{}% 47
\BOOKMARK [1][-]{section.5.1}{\376\377\000M\000o\000t\000i\000v\000a\000c\000i\000\363\000n\000:\000\040\000m\000\341\000s\000\040\000a\000l\000l\000\341\000\040\000d\000e\000l\000\040\000c\000r\000u\000z\000a\000m\000i\000e\000n\000t\000o\000\040\000o\000r\000d\000i\000n\000a\000r\000i\000o}{chapter.5}% 48
\BOOKMARK [1][-]{section.5.2}{\376\377\000C\000o\000n\000s\000t\000r\000u\000c\000c\000i\000\363\000n\000\040\000d\000e\000\040\000l\000a\000\040\000m\000a\000t\000r\000i\000z\000\040\000d\000e\000\040\000t\000a\000s\000a\000s\000\040\000s\000i\000m\000e\000t\000r\000i\000z\000a\000d\000a}{chapter.5}% 49
\BOOKMARK [1][-]{section.5.3}{\376\377\000D\000e\000f\000i\000n\000i\000c\000i\000\363\000n\000\040\000d\000e\000l\000\040\000c\000o\000e\000f\000i\000c\000i\000e\000n\000t\000e\000\040\000a\0002}{chapter.5}% 50
\BOOKMARK [2][-]{subsection.5.3.1}{\376\377\000P\000r\000o\000p\000i\000e\000d\000a\000d\000e\000s\000\040\000f\000u\000n\000d\000a\000m\000e\000n\000t\000a\000l\000e\000s\000\040\000d\000e\000l\000\040\000c\000o\000e\000f\000i\000c\000i\000e\000n\000t\000e\000\040\000a\0002}{section.5.3}% 51
\BOOKMARK [1][-]{section.5.4}{\376\377\000E\000l\000\040\000\355\000n\000d\000i\000c\000e\000\040\000d\000e\000\040\000M\000p\000e\000m\000b\000a\000:\000\040\000d\000e\000f\000i\000n\000i\000c\000i\000\363\000n\000\040\000t\000o\000p\000o\000l\000\363\000g\000i\000c\000a}{chapter.5}% 52
\BOOKMARK [2][-]{subsection.5.4.1}{\376\377\000S\000i\000g\000n\000i\000f\000i\000c\000a\000d\000o\000\040\000f\000\355\000s\000i\000c\000o\000\040\000d\000e\000l\000\040\000\355\000n\000d\000i\000c\000e}{section.5.4}% 53
\BOOKMARK [1][-]{section.5.5}{\376\377\000M\000o\000d\000e\000l\000o\000\040\000d\000e\000\040\000E\000n\000e\000r\000g\000\355\000a\000\040\000A\000l\000e\000a\000t\000o\000r\000i\000a\000\040\000\050\000R\000E\000M\000\051\000\040\000c\000o\000n\000\040\000b\000a\000r\000r\000e\000r\000a\000s\000\040\000a\000l\000e\000a\000t\000o\000r\000i\000a\000s}{chapter.5}% 54
\BOOKMARK [2][-]{subsection.5.5.1}{\376\377\000R\000e\000s\000u\000l\000t\000a\000d\000o\000s\000\040\000e\000s\000t\000a\000d\000\355\000s\000t\000i\000c\000o\000s\000\040\000p\000a\000r\000a\000\040\000e\000l\000\040\000R\000E\000M}{section.5.5}% 55
\BOOKMARK [2][-]{subsection.5.5.2}{\376\377\000T\000r\000a\000n\000s\000i\000c\000i\000\363\000n\000\040\000d\000e\000\040\000f\000a\000s\000e\000\040\000d\000e\000\040\000D\000e\000r\000r\000i\000d\000a}{section.5.5}% 56
\BOOKMARK [1][-]{section.5.6}{\376\377\000V\000e\000r\000i\000f\000i\000c\000a\000c\000i\000\363\000n\000\040\000n\000u\000m\000\351\000r\000i\000c\000a}{chapter.5}% 57
\BOOKMARK [1][-]{section.5.7}{\376\377\000E\000l\000\040\000e\000f\000e\000c\000t\000o\000\040\000M\000p\000e\000m\000b\000a\000\040\000f\000u\000e\000r\000t\000e\000\040\000I\000N\000V\000E\000R\000S\000O}{chapter.5}% 58
\BOOKMARK [1][-]{section.5.8}{\376\377\000C\000o\000n\000e\000x\000i\000\363\000n\000\040\000c\000o\000n\000\040\000M\000C\000M\000C\000\040\000y\000\040\000s\000i\000m\000u\000l\000a\000t\000e\000d\000\040\000a\000n\000n\000e\000a\000l\000i\000n\000g}{chapter.5}% 59
\BOOKMARK [1][-]{section.5.9}{\376\377\000R\000e\000s\000u\000m\000e\000n\000\040\000y\000\040\000p\000r\000e\000r\000e\000q\000u\000i\000s\000i\000t\000o\000s\000\040\000p\000a\000r\000a\000\040\000e\000l\000\040\000e\000f\000e\000c\000t\000o\000\040\000M\000p\000e\000m\000b\000a\000\040\000f\000u\000e\000r\000t\000e}{chapter.5}% 60
\BOOKMARK [0][-]{chapter.6}{\376\377\000E\000l\000\040\000e\000f\000e\000c\000t\000o\000\040\000M\000p\000e\000m\000b\000a\000\040\000e\000n\000\040\000f\000l\000u\000i\000d\000o\000s\000\040\000g\000r\000a\000n\000u\000l\000a\000r\000e\000s\000\040\000y\000\040\000g\000a\000s\000e\000s\000\040\000d\000e\000\040\000M\000a\000x\000w\000e\000l\000l}{}% 61
\BOOKMARK [1][-]{section.6.1}{\376\377\000M\000o\000t\000i\000v\000a\000c\000i\000\363\000n\000:\000\040\000d\000i\000s\000i\000p\000a\000c\000i\000\363\000n\000\040\000y\000\040\000d\000e\000s\000v\000i\000a\000c\000i\000\363\000n\000\040\000d\000e\000\040\000l\000a\000\040\000m\000a\000x\000w\000e\000l\000l\000i\000a\000n\000a}{chapter.6}% 62
\BOOKMARK [1][-]{section.6.2}{\376\377\000T\000e\000r\000m\000o\000d\000i\000n\000\341\000m\000i\000c\000a\000\040\000d\000e\000\040\000u\000n\000\040\000g\000a\000s\000\040\000g\000r\000a\000n\000u\000l\000a\000r}{chapter.6}% 63
\BOOKMARK [2][-]{subsection.6.2.1}{\376\377\000T\000e\000m\000p\000e\000r\000a\000t\000u\000r\000a\000\040\000g\000r\000a\000n\000u\000l\000a\000r\000\040\000y\000\040\000d\000i\000s\000t\000r\000i\000b\000u\000c\000i\000\363\000n\000\040\000d\000e\000\040\000M\000a\000x\000w\000e\000l\000l\000-\000B\000o\000l\000t\000z\000m\000a\000n\000n}{section.6.2}% 64
\BOOKMARK [2][-]{subsection.6.2.2}{\376\377\000C\000o\000e\000f\000i\000c\000i\000e\000n\000t\000e\000\040\000d\000e\000\040\000S\000o\000n\000i\000n\000e}{section.6.2}% 65
\BOOKMARK [1][-]{section.6.3}{\376\377\000E\000c\000u\000a\000c\000i\000o\000n\000e\000s\000\040\000d\000e\000\040\000m\000o\000m\000e\000n\000t\000o\000s\000\040\000t\000r\000u\000n\000c\000a\000d\000a\000s}{chapter.6}% 66
\BOOKMARK [1][-]{section.6.4}{\376\377\000A\000r\000g\000u\000m\000e\000n\000t\000o\000\040\000d\000e\000l\000\040\000e\000f\000e\000c\000t\000o\000\040\000M\000p\000e\000m\000b\000a\000\040\000g\000r\000a\000n\000u\000l\000a\000r}{chapter.6}% 67
\BOOKMARK [2][-]{subsection.6.4.1}{\376\377\000P\000r\000o\000t\000o\000c\000o\000l\000o\000\040\000d\000e\000\040\000L\000a\000s\000a\000n\000t\000a\000\040\000e\000t\000\040\000a\000l\000.\000:\000\040\000d\000o\000s\000\040\000p\000r\000e\000p\000a\000r\000a\000c\000i\000o\000n\000e\000s\000\040\000c\000r\000u\000z\000a\000d\000a\000s}{section.6.4}% 68
\BOOKMARK [2][-]{subsection.6.4.2}{\376\377\000S\000o\000l\000u\000c\000i\000\363\000n\000\040\000a\000n\000a\000l\000\355\000t\000i\000c\000a\000\040\000y\000\040\000v\000e\000r\000i\000f\000i\000c\000a\000c\000i\000\363\000n\000\040\000n\000u\000m\000\351\000r\000i\000c\000a}{section.6.4}% 69
\BOOKMARK [1][-]{section.6.5}{\376\377\000S\000i\000m\000u\000l\000a\000c\000i\000\363\000n\000\040\000D\000S\000M\000C\000:\000\040\000B\000i\000r\000d\000'\000s\000\040\000a\000l\000g\000o\000r\000i\000t\000h\000m}{chapter.6}% 70
\BOOKMARK [2][-]{subsection.6.5.1}{\376\377\000I\000n\000i\000c\000i\000a\000l\000i\000z\000a\000c\000i\000\363\000n\000\040\000c\000o\000n\000\040\000c\000u\000r\000t\000o\000s\000i\000s\000\040\000d\000e\000s\000e\000a\000d\000a}{section.6.5}% 71
\BOOKMARK [1][-]{section.6.6}{\376\377\000E\000x\000t\000e\000n\000s\000i\000\363\000n\000\040\000a\000\040\000m\000e\000z\000c\000l\000a\000s\000\040\000b\000i\000n\000a\000r\000i\000a\000s\000:\000\040\000B\000i\000s\000w\000a\000s\000\040\000e\000t\000\040\000a\000l\000.}{chapter.6}% 72
\BOOKMARK [2][-]{subsection.6.6.1}{\376\377\000A\000c\000o\000p\000l\000a\000m\000i\000e\000n\000t\000o\000\040\000d\000i\000f\000u\000s\000i\000\363\000n\000-\000c\000o\000l\000i\000s\000i\000\363\000n}{section.6.6}% 73
\BOOKMARK [2][-]{subsection.6.6.2}{\376\377\000A\000p\000l\000i\000c\000a\000c\000i\000o\000n\000e\000s\000\040\000a\000\040\000s\000i\000s\000t\000e\000m\000a\000s\000\040\000r\000e\000a\000l\000e\000s}{section.6.6}% 74
\BOOKMARK [1][-]{section.6.7}{\376\377\000O\000t\000r\000a\000s\000\040\000m\000a\000n\000i\000f\000e\000s\000t\000a\000c\000i\000o\000n\000e\000s\000\040\000g\000r\000a\000n\000u\000l\000a\000r\000e\000s\000:\000\040\000l\000i\000t\000e\000r\000a\000t\000u\000r\000a\000\040\000a\000d\000i\000c\000i\000o\000n\000a\000l}{chapter.6}% 75
\BOOKMARK [1][-]{section.6.8}{\376\377\000I\000m\000p\000l\000e\000m\000e\000n\000t\000a\000c\000i\000\363\000n\000\040\000n\000u\000m\000\351\000r\000i\000c\000a}{chapter.6}% 76
\BOOKMARK [0][-]{chapter.7}{\376\377\000V\000e\000r\000i\000f\000i\000c\000a\000c\000i\000\363\000n\000\040\000e\000x\000p\000e\000r\000i\000m\000e\000n\000t\000a\000l\000\040\000e\000n\000\040\000s\000i\000s\000t\000e\000m\000a\000s\000\040\000c\000o\000l\000o\000i\000d\000a\000l\000e\000s}{}% 77
\BOOKMARK [1][-]{section.7.1}{\376\377\000L\000a\000\040\000p\000l\000a\000t\000a\000f\000o\000r\000m\000a\000\040\000e\000x\000p\000e\000r\000i\000m\000e\000n\000t\000a\000l\000:\000\040\000p\000i\000n\000z\000a\000s\000\040\000\363\000p\000t\000i\000c\000a\000s\000\040\000c\000o\000n\000\040\000r\000e\000a\000l\000i\000m\000e\000n\000t\000a\000c\000i\000\363\000n}{chapter.7}% 78
\BOOKMARK [2][-]{subsection.7.1.1}{\376\377\000C\000o\000n\000f\000i\000g\000u\000r\000a\000c\000i\000\363\000n\000\040\000e\000x\000p\000e\000r\000i\000m\000e\000n\000t\000a\000l}{section.7.1}% 79
\BOOKMARK [2][-]{subsection.7.1.2}{\376\377\000G\000e\000n\000e\000r\000a\000c\000i\000\363\000n\000\040\000d\000e\000\040\000t\000e\000m\000p\000e\000r\000a\000t\000u\000r\000a\000s\000\040\000i\000n\000i\000c\000i\000a\000l\000e\000s\000\040\000m\000e\000d\000i\000a\000n\000t\000e\000\040\000r\000u\000i\000d\000o\000\040\000e\000x\000t\000e\000r\000n\000o}{section.7.1}% 80
\BOOKMARK [1][-]{section.7.2}{\376\377\000D\000i\000n\000\341\000m\000i\000c\000a\000\040\000d\000e\000\040\000L\000a\000n\000g\000e\000v\000i\000n\000\040\000s\000o\000b\000r\000e\000a\000m\000o\000r\000t\000i\000g\000u\000a\000d\000a}{chapter.7}% 81
\BOOKMARK [2][-]{subsection.7.2.1}{\376\377\000E\000c\000u\000a\000c\000i\000\363\000n\000\040\000d\000e\000\040\000L\000a\000n\000g\000e\000v\000i\000n}{section.7.2}% 82
\BOOKMARK [2][-]{subsection.7.2.2}{\376\377\000P\000o\000t\000e\000n\000c\000i\000a\000l\000\040\000d\000e\000\040\000d\000o\000b\000l\000e\000\040\000p\000o\000z\000o\000\040\000a\000s\000i\000m\000\351\000t\000r\000i\000c\000o}{section.7.2}% 83
\BOOKMARK [2][-]{subsection.7.2.3}{\376\377\000D\000i\000s\000t\000r\000i\000b\000u\000c\000i\000\363\000n\000\040\000d\000e\000\040\000e\000q\000u\000i\000l\000i\000b\000r\000i\000o}{section.7.2}% 84
\BOOKMARK [1][-]{section.7.3}{\376\377\000E\000c\000u\000a\000c\000i\000\363\000n\000\040\000d\000e\000\040\000F\000o\000k\000k\000e\000r\000-\000P\000l\000a\000n\000c\000k\000\040\000y\000\040\000m\000o\000d\000o\000s\000\040\000d\000e\000\040\000L\000i\000o\000u\000v\000i\000l\000l\000e}{chapter.7}% 85
\BOOKMARK [2][-]{subsection.7.3.1}{\376\377\000C\000o\000n\000e\000x\000i\000\363\000n\000\040\000c\000o\000n\000\040\000e\000l\000\040\000f\000o\000r\000m\000a\000l\000i\000s\000m\000o\000\040\000d\000e\000\040\000L\000u\000-\000R\000a\000z}{section.7.3}% 86
\BOOKMARK [1][-]{section.7.4}{\376\377\000R\000e\000s\000u\000l\000t\000a\000d\000o\000s\000\040\000e\000x\000p\000e\000r\000i\000m\000e\000n\000t\000a\000l\000e\000s\000\040\000d\000e\000l\000\040\000e\000f\000e\000c\000t\000o\000\040\000M\000p\000e\000m\000b\000a\000\040\000o\000r\000d\000i\000n\000a\000r\000i\000o\000\040\000y\000\040\000f\000u\000e\000r\000t\000e}{chapter.7}% 87
\BOOKMARK [1][-]{section.7.5}{\376\377\000M\000\351\000t\000o\000d\000o\000s\000\040\000n\000u\000m\000\351\000r\000i\000c\000o\000s\000\040\000p\000a\000r\000a\000\040\000l\000a\000\040\000d\000i\000n\000\341\000m\000i\000c\000a\000\040\000d\000e\000\040\000L\000a\000n\000g\000e\000v\000i\000n}{chapter.7}% 88
\BOOKMARK [2][-]{subsection.7.5.1}{\376\377\000I\000n\000t\000e\000g\000r\000a\000d\000o\000r\000\040\000d\000e\000\040\000E\000u\000l\000e\000r\000-\000M\000a\000r\000u\000y\000a\000m\000a}{section.7.5}% 89
\BOOKMARK [2][-]{subsection.7.5.2}{\376\377\000E\000s\000q\000u\000e\000m\000a\000s\000\040\000d\000e\000\040\000o\000r\000d\000e\000n\000\040\000s\000u\000p\000e\000r\000i\000o\000r\000:\000\040\000B\000A\000O\000A\000B}{section.7.5}% 90
\BOOKMARK [2][-]{subsection.7.5.3}{\376\377\000I\000m\000p\000l\000e\000m\000e\000n\000t\000a\000c\000i\000\363\000n\000\040\000p\000a\000r\000a\000l\000e\000l\000a}{section.7.5}% 91
\BOOKMARK [1][-]{section.7.6}{\376\377\000E\000l\000\040\000e\000f\000e\000c\000t\000o\000\040\000M\000p\000e\000m\000b\000a\000\040\000i\000n\000v\000e\000r\000s\000o\000:\000\040\000K\000u\000m\000a\000r\000,\000\040\000C\000h\000\351\000t\000r\000i\000t\000e\000\040\000y\000\040\000B\000e\000c\000h\000h\000o\000e\000f\000e\000r\000\040\000\050\0002\0000\0002\0002\000\051}{chapter.7}% 92
\BOOKMARK [2][-]{subsection.7.6.1}{\376\377\000C\000o\000n\000f\000i\000g\000u\000r\000a\000c\000i\000\363\000n\000\040\000i\000n\000v\000e\000r\000t\000i\000d\000a}{section.7.6}% 93
\BOOKMARK [2][-]{subsection.7.6.2}{\376\377\000A\000s\000i\000m\000e\000t\000r\000\355\000a\000\040\000e\000n\000t\000r\000\363\000p\000i\000c\000a\000\040\000y\000\040\000d\000i\000f\000i\000c\000u\000l\000t\000a\000d\000\040\000o\000b\000s\000e\000r\000v\000a\000c\000i\000o\000n\000a\000l}{section.7.6}% 94
\BOOKMARK [2][-]{subsection.7.6.3}{\376\377\000V\000e\000r\000s\000i\000\363\000n\000\040\000f\000u\000e\000r\000t\000e\000\040\000d\000e\000l\000\040\000c\000a\000l\000e\000n\000t\000a\000m\000i\000e\000n\000t\000o\000\040\000a\000n\000\363\000m\000a\000l\000o}{section.7.6}% 95
\BOOKMARK [2][-]{subsection.7.6.4}{\376\377\000I\000m\000p\000l\000i\000c\000a\000c\000i\000o\000n\000e\000s\000\040\000p\000a\000r\000a\000\040\000t\000e\000c\000n\000o\000l\000o\000g\000\355\000a\000s\000\040\000d\000e\000\040\000c\000a\000l\000e\000n\000t\000a\000m\000i\000e\000n\000t\000o\000\040\000u\000l\000t\000r\000a\000r\000r\000\341\000p\000i\000d\000o}{section.7.6}% 96
\BOOKMARK [1][-]{section.7.7}{\376\377\000C\000o\000n\000e\000x\000i\000\363\000n\000\040\000c\000o\000n\000\040\000l\000a\000\040\000t\000e\000o\000r\000\355\000a\000\040\000d\000e\000\040\000p\000r\000o\000c\000e\000s\000o\000s\000\040\000e\000s\000t\000o\000c\000\341\000s\000t\000i\000c\000o\000s\000\040\000n\000o\000-\000M\000a\000r\000k\000o\000v}{chapter.7}% 97
\BOOKMARK [0][-]{chapter.8}{\376\377\000E\000l\000\040\000e\000f\000e\000c\000t\000o\000\040\000M\000p\000e\000m\000b\000a\000\040\000e\000n\000\040\000v\000i\000d\000r\000i\000o\000s\000\040\000d\000e\000\040\000e\000s\000p\000\355\000n\000\040\000c\000o\000m\000o\000\040\000h\000u\000e\000l\000l\000a\000\040\000d\000e\000\040\000m\000e\000m\000o\000r\000i\000a}{}% 98
\BOOKMARK [1][-]{section.8.1}{\376\377\000M\000o\000t\000i\000v\000a\000c\000i\000\363\000n\000:\000\040\000e\000l\000\040\000p\000a\000i\000s\000a\000j\000e\000\040\000e\000n\000e\000r\000g\000\351\000t\000i\000c\000o\000\040\000c\000o\000m\000p\000l\000e\000j\000o}{chapter.8}% 99
\BOOKMARK [1][-]{section.8.2}{\376\377\000E\000l\000\040\000m\000o\000d\000e\000l\000o\000\040\000d\000e\000\040\000E\000d\000w\000a\000r\000d\000s\000-\000A\000n\000d\000e\000r\000s\000o\000n}{chapter.8}% 100
\BOOKMARK [2][-]{subsection.8.2.1}{\376\377\000D\000i\000a\000g\000r\000a\000m\000a\000\040\000d\000e\000\040\000f\000a\000s\000e\000s\000\040\000e\000n\000\040\000d\000\040\000=\000\040\0003}{section.8.2}% 101
\BOOKMARK [1][-]{section.8.3}{\376\377\000D\000i\000n\000\341\000m\000i\000c\000a\000\040\000d\000e\000\040\000G\000l\000a\000u\000b\000e\000r}{chapter.8}% 102
\BOOKMARK [2][-]{subsection.8.3.1}{\376\377\000M\000\372\000l\000t\000i\000p\000l\000e\000s\000\040\000p\000a\000s\000e\000o\000s\000\040\000s\000i\000n\000c\000r\000o\000n\000i\000z\000a\000d\000o\000s}{section.8.3}% 103
\BOOKMARK [1][-]{section.8.4}{\376\377\000L\000a\000\040\000s\000i\000m\000u\000l\000a\000c\000i\000\363\000n\000\040\000J\000a\000n\000u\000s\000\040\000I\000I}{chapter.8}% 104
\BOOKMARK [1][-]{section.8.5}{\376\377\000P\000r\000o\000t\000o\000c\000o\000l\000o\000\040\000e\000x\000p\000e\000r\000i\000m\000e\000n\000t\000a\000l\000\040\000c\000o\000m\000p\000u\000t\000a\000c\000i\000o\000n\000a\000l}{chapter.8}% 105
\BOOKMARK [2][-]{subsection.8.5.1}{\376\377\000D\000e\000f\000i\000n\000i\000c\000i\000\363\000n\000\040\000d\000e\000\040\000l\000a\000\040\000l\000o\000n\000g\000i\000t\000u\000d\000\040\000d\000e\000\040\000c\000o\000h\000e\000r\000e\000n\000c\000i\000a}{section.8.5}% 106
\BOOKMARK [1][-]{section.8.6}{\376\377\000E\000l\000\040\000r\000e\000s\000u\000l\000t\000a\000d\000o\000\040\000c\000l\000a\000v\000e\000:\000\040\000c\000o\000r\000r\000e\000l\000a\000c\000i\000\363\000n\000\040\000m\000o\000n\000o\000t\000\363\000n\000i\000c\000a\000\040\000e\000n\000t\000r\000e\000\040\000\040\000y\000\040\000e}{chapter.8}% 107
\BOOKMARK [1][-]{section.8.7}{\376\377\000E\000l\000\040\000e\000f\000e\000c\000t\000o\000\040\000M\000p\000e\000m\000b\000a\000\040\000c\000o\000m\000o\000\040\000c\000o\000n\000s\000e\000c\000u\000e\000n\000c\000i\000a\000\040\000n\000a\000t\000u\000r\000a\000l}{chapter.8}% 108
\BOOKMARK [1][-]{section.8.8}{\376\377\000C\000o\000n\000e\000x\000i\000\363\000n\000\040\000c\000o\000n\000\040\000l\000a\000\040\000t\000e\000o\000r\000\355\000a\000\040\000d\000e\000\040\000K\000l\000i\000c\000h\000-\000R\000a\000z}{chapter.8}% 109
\BOOKMARK [1][-]{section.8.9}{\376\377\000V\000e\000r\000i\000f\000i\000c\000a\000c\000i\000\363\000n\000\040\000n\000u\000m\000\351\000r\000i\000c\000a\000\040\000s\000i\000m\000p\000l\000i\000f\000i\000c\000a\000d\000a\000\040\000e\000n\000\040\000C\000P\000U}{chapter.8}% 110
\BOOKMARK [2][-]{subsection.8.9.1}{\376\377\000A\000p\000r\000o\000x\000i\000m\000a\000c\000i\000\363\000n\000\040\000a\000\040\000t\000r\000a\000v\000\351\000s\000\040\000d\000e\000l\000\040\000m\000o\000d\000e\000l\000o\000\040\000R\000E\000M}{section.8.9}% 111
\BOOKMARK [1][-]{section.8.10}{\376\377\000I\000m\000p\000l\000i\000c\000a\000c\000i\000o\000n\000e\000s\000\040\000p\000a\000r\000a\000\040\000s\000i\000s\000t\000e\000m\000a\000s\000\040\000r\000e\000a\000l\000e\000s\000:\000\040\000a\000l\000e\000a\000c\000i\000o\000n\000e\000s\000\040\000m\000a\000g\000n\000\351\000t\000i\000c\000a\000s}{chapter.8}% 112
\BOOKMARK [0][-]{chapter.9}{\376\377\000E\000l\000\040\000r\000\351\000g\000i\000m\000e\000n\000\040\000c\000u\000\341\000n\000t\000i\000c\000o\000:\000\040\000e\000c\000u\000a\000c\000i\000\363\000n\000\040\000d\000e\000\040\000L\000i\000n\000d\000b\000l\000a\000d\000,\000\040\000p\000u\000n\000t\000o\000s\000\040\000e\000x\000c\000e\000p\000c\000i\000o\000n\000a\000l\000e\000s\000\040\000y\000\040\000m\000e\000t\000r\000o\000l\000o\000g\000\355\000a}{}% 113
\BOOKMARK [1][-]{section.9.1}{\376\377\000E\000l\000\040\000m\000a\000r\000c\000o\000\040\000G\000K\000S\000L\000\040\000p\000a\000r\000a\000\040\000s\000i\000s\000t\000e\000m\000a\000s\000\040\000c\000u\000\341\000n\000t\000i\000c\000o\000s\000\040\000a\000b\000i\000e\000r\000t\000o\000s}{chapter.9}% 114
\BOOKMARK [2][-]{subsection.9.1.1}{\376\377\000P\000r\000o\000p\000i\000e\000d\000a\000d\000e\000s\000\040\000f\000u\000n\000d\000a\000m\000e\000n\000t\000a\000l\000e\000s\000\040\000d\000e\000l\000\040\000l\000i\000o\000u\000v\000i\000l\000l\000i\000a\000n\000o}{section.9.1}% 115
\BOOKMARK [1][-]{section.9.2}{\376\377\000E\000c\000u\000a\000c\000i\000\363\000n\000\040\000d\000e\000\040\000D\000a\000v\000i\000e\000s\000\040\000p\000a\000r\000a\000\040\000u\000n\000\040\000q\000u\000b\000i\000t}{chapter.9}% 116
\BOOKMARK [2][-]{subsection.9.2.1}{\376\377\000D\000i\000n\000\341\000m\000i\000c\000a\000\040\000d\000e\000\040\000l\000a\000\040\000p\000o\000b\000l\000a\000c\000i\000\363\000n}{section.9.2}% 117
\BOOKMARK [2][-]{subsection.9.2.2}{\376\377\000S\000o\000l\000u\000c\000i\000\363\000n\000\040\000e\000x\000a\000c\000t\000a}{section.9.2}% 118
\BOOKMARK [1][-]{section.9.3}{\376\377\000E\000l\000\040\000e\000f\000e\000c\000t\000o\000\040\000M\000p\000e\000m\000b\000a\000\040\000c\000u\000\341\000n\000t\000i\000c\000o\000\040\000d\000e\000\040\000C\000a\000r\000o\000l\000l\000o\000\040\000e\000t\000\040\000a\000l\000.\000\040\000\050\0002\0000\0002\0001\000\051}{chapter.9}% 119
\BOOKMARK [2][-]{subsection.9.3.1}{\376\377\000L\000a\000\040\000p\000r\000o\000p\000o\000s\000i\000c\000i\000\363\000n\000\040\000f\000u\000n\000d\000a\000m\000e\000n\000t\000a\000l}{section.9.3}% 120
\BOOKMARK [2][-]{subsection.9.3.2}{\376\377\000E\000s\000t\000r\000u\000c\000t\000u\000r\000a\000\040\000e\000s\000p\000e\000c\000t\000r\000a\000l\000\040\000d\000e\000l\000\040\000l\000i\000o\000u\000v\000i\000l\000l\000i\000a\000n\000o\000\040\000d\000e\000\040\000D\000a\000v\000i\000e\000s}{section.9.3}% 121
\BOOKMARK [1][-]{section.9.4}{\376\377\000P\000u\000n\000t\000o\000s\000\040\000e\000x\000c\000e\000p\000c\000i\000o\000n\000a\000l\000e\000s\000\040\000l\000i\000o\000u\000v\000i\000l\000i\000a\000n\000o\000s}{chapter.9}% 122
\BOOKMARK [2][-]{subsection.9.4.1}{\376\377\000D\000e\000f\000i\000n\000i\000c\000i\000\363\000n}{section.9.4}% 123
\BOOKMARK [2][-]{subsection.9.4.2}{\376\377\000L\000a\000\040\000c\000o\000n\000e\000x\000i\000\363\000n\000\040\000c\000o\000n\000\040\000e\000l\000\040\000e\000f\000e\000c\000t\000o\000\040\000M\000p\000e\000m\000b\000a\000\040\000f\000u\000e\000r\000t\000e}{section.9.4}% 124
\BOOKMARK [2][-]{subsection.9.4.3}{\376\377\000S\000i\000g\000n\000i\000f\000i\000c\000a\000d\000o\000\040\000f\000\355\000s\000i\000c\000o}{section.9.4}% 125
\BOOKMARK [1][-]{section.9.5}{\376\377\000V\000e\000r\000s\000i\000o\000n\000e\000s\000\040\000d\000e\000l\000\040\000e\000f\000e\000c\000t\000o\000\040\000M\000p\000e\000m\000b\000a\000\040\000c\000u\000\341\000n\000t\000i\000c\000o}{chapter.9}% 126
\BOOKMARK [2][-]{subsection.9.5.1}{\376\377\000S\000i\000n\000\040\000s\000i\000m\000e\000t\000r\000\355\000a\000s\000\040\000g\000l\000o\000b\000a\000l\000e\000s\000\040\000\050\000L\000i\000u\000,\000\040\000V\000i\000t\000a\000l\000e\000,\000\040\000M\000u\000r\000c\000i\000a\000n\000o\000\051}{section.9.5}% 127
\BOOKMARK [2][-]{subsection.9.5.2}{\376\377\000C\000a\000n\000a\000l\000e\000s\000\040\000p\000r\000o\000t\000e\000g\000i\000d\000o\000s\000\040\000p\000o\000r\000\040\000s\000i\000m\000e\000t\000r\000\355\000a\000\040\000S\000U\000\050\0002\000\051}{section.9.5}% 128
\BOOKMARK [2][-]{subsection.9.5.3}{\376\377\000E\000l\000\040\000e\000f\000e\000c\000t\000o\000\040\000M\000p\000e\000m\000b\000a\000\040\000f\000o\000t\000\363\000n\000i\000c\000o\000\040\000\050\000L\000o\000n\000g\000h\000i\000\051}{section.9.5}% 129
\BOOKMARK [2][-]{subsection.9.5.4}{\376\377\000C\000o\000m\000p\000u\000t\000a\000c\000i\000\363\000n\000\040\000c\000u\000\341\000n\000t\000i\000c\000a\000\040\000d\000e\000\040\000I\000s\000i\000n\000g\000\040\000\050\000D\000-\000W\000a\000v\000e\000\051}{section.9.5}% 130
\BOOKMARK [1][-]{section.9.6}{\376\377\000E\000l\000\040\000e\000f\000e\000c\000t\000o\000\040\000M\000p\000e\000m\000b\000a\000\040\000m\000e\000t\000r\000o\000l\000\363\000g\000i\000c\000o\000:\000\040\000C\000h\000a\000t\000t\000o\000p\000a\000d\000h\000y\000a\000y\000\040\000e\000t\000\040\000a\000l\000.\000\040\000\050\0002\0000\0002\0006\000\051}{chapter.9}% 131
\BOOKMARK [2][-]{subsection.9.6.1}{\376\377\000T\000e\000r\000m\000o\000m\000e\000t\000r\000\355\000a\000\040\000c\000u\000\341\000n\000t\000i\000c\000a\000\040\000c\000l\000\341\000s\000i\000c\000a\000\040\000v\000s\000\040\000n\000o\000-\000e\000q\000u\000i\000l\000i\000b\000r\000i\000o}{section.9.6}% 132
\BOOKMARK [2][-]{subsection.9.6.2}{\376\377\000I\000n\000f\000o\000r\000m\000a\000c\000i\000\363\000n\000\040\000d\000e\000\040\000F\000i\000s\000h\000e\000r\000\040\000c\000u\000\341\000n\000t\000i\000c\000a}{section.9.6}% 133
\BOOKMARK [2][-]{subsection.9.6.3}{\376\377\000R\000e\000s\000u\000l\000t\000a\000d\000o\000\040\000c\000l\000a\000v\000e\000\040\000d\000e\000\040\000C\000h\000a\000t\000t\000o\000p\000a\000d\000h\000y\000a\000y\000\040\000e\000t\000\040\000a\000l\000.}{section.9.6}% 134
\BOOKMARK [1][-]{section.9.7}{\376\377\000O\000p\000t\000i\000m\000i\000z\000a\000c\000i\000\363\000n\000\040\000m\000e\000t\000r\000o\000l\000\363\000g\000i\000c\000a\000\040\000d\000e\000\040\000L\000i\000-\000Y\000a\000n\000g\000\040\000\050\0002\0000\0002\0006\000\051}{chapter.9}% 135
\BOOKMARK [2][-]{subsection.9.7.1}{\376\377\000A\000r\000g\000u\000m\000e\000n\000t\000o\000\040\000d\000e\000\040\000l\000a\000\040\000d\000i\000s\000t\000i\000n\000g\000u\000i\000b\000i\000l\000i\000d\000a\000d\000\040\000l\000o\000c\000a\000l}{section.9.7}% 136
\BOOKMARK [1][-]{section.9.8}{\376\377\000I\000m\000p\000l\000e\000m\000e\000n\000t\000a\000c\000i\000\363\000n\000\040\000n\000u\000m\000\351\000r\000i\000c\000a\000\040\000d\000e\000l\000\040\000m\000\363\000d\000u\000l\000o\000\040\000c\000u\000\341\000n\000t\000i\000c\000o}{chapter.9}% 137
\BOOKMARK [2][-]{subsection.9.8.1}{\376\377\000V\000a\000l\000i\000d\000a\000c\000i\000\363\000n\000:\000\040\000r\000e\000p\000r\000o\000d\000u\000c\000c\000i\000\363\000n\000\040\000d\000e\000\040\000C\000h\000a\000t\000t\000o\000p\000a\000d\000h\000y\000a\000y\000\040\000e\000t\000\040\000a\000l\000.\000\040\000F\000i\000g\000.\000\040\0003}{section.9.8}% 138
\BOOKMARK [0][-]{chapter.10}{\376\377\000U\000n\000i\000f\000i\000c\000a\000c\000i\000\363\000n\000\040\000t\000e\000r\000m\000o\000d\000i\000n\000\341\000m\000i\000c\000a\000:\000\040\000e\000l\000\040\000p\000r\000e\000o\000r\000d\000e\000n\000\040\000d\000e\000\040\000t\000e\000r\000m\000o\000m\000a\000y\000o\000r\000i\000z\000a\000c\000i\000\363\000n}{}% 139
\BOOKMARK [1][-]{section.10.1}{\376\377\000E\000l\000\040\000p\000r\000o\000b\000l\000e\000m\000a\000\040\000d\000e\000\040\000l\000a\000\040\000d\000e\000p\000e\000n\000d\000e\000n\000c\000i\000a\000\040\000d\000e\000\040\000m\000\351\000t\000r\000i\000c\000a}{chapter.10}% 140
\BOOKMARK [1][-]{section.10.2}{\376\377\000L\000a\000\040\000s\000o\000l\000u\000c\000i\000\363\000n\000\040\000d\000e\000\040\000V\000u\000-\000H\000a\000y\000a\000k\000a\000w\000a\000:\000\040\000e\000l\000\040\000p\000r\000e\000o\000r\000d\000e\000n\000\040\000d\000e\000\040\000t\000e\000r\000m\000o\000m\000a\000y\000o\000r\000i\000z\000a\000c\000i\000\363\000n}{chapter.10}% 141
\BOOKMARK [2][-]{subsection.10.2.1}{\376\377\000D\000e\000f\000i\000n\000i\000c\000i\000\363\000n\000\040\000d\000e\000l\000\040\000p\000r\000e\000o\000r\000d\000e\000n}{section.10.2}% 142
\BOOKMARK [2][-]{subsection.10.2.2}{\376\377\000C\000o\000n\000s\000t\000r\000u\000c\000c\000i\000\363\000n\000\040\000e\000x\000p\000l\000\355\000c\000i\000t\000a\000:\000\040\000l\000a\000\040\000c\000u\000r\000v\000a\000\040\000d\000e\000\040\000L\000o\000r\000e\000n\000z\000\040\000t\000\351\000r\000m\000i\000c\000a}{section.10.2}% 143
\BOOKMARK [1][-]{section.10.3}{\376\377\000E\000l\000\040\000t\000e\000o\000r\000e\000m\000a\000\040\000d\000e\000\040\000e\000q\000u\000i\000v\000a\000l\000e\000n\000c\000i\000a\000\040\000d\000e\000\040\000m\000\351\000t\000r\000i\000c\000a\000s}{chapter.10}% 144
\BOOKMARK [2][-]{subsection.10.3.1}{\376\377\000D\000e\000m\000o\000s\000t\000r\000a\000c\000i\000\363\000n\000\040\000d\000e\000l\000\040\000t\000e\000o\000r\000e\000m\000a\000\040\000\050\000e\000s\000q\000u\000e\000m\000a\000\051}{section.10.3}% 145
\BOOKMARK [1][-]{section.10.4}{\376\377\000D\000e\000f\000i\000n\000i\000c\000i\000\363\000n\000\040\000u\000n\000i\000v\000e\000r\000s\000a\000l\000\040\000d\000e\000l\000\040\000e\000f\000e\000c\000t\000o\000\040\000M\000p\000e\000m\000b\000a}{chapter.10}% 146
\BOOKMARK [1][-]{section.10.5}{\376\377\000D\000i\000a\000g\000n\000\363\000s\000t\000i\000c\000o\000\040\000o\000p\000e\000r\000a\000c\000i\000o\000n\000a\000l\000:\000\040\000g\000a\000p\000\040\000m\000\355\000n\000i\000m\000o\000\040\000y\000\040\000m\000\341\000x\000i\000m\000o}{chapter.10}% 147
\BOOKMARK [1][-]{section.10.6}{\376\377\000A\000p\000l\000i\000c\000a\000c\000i\000\363\000n\000\040\000a\000l\000\040\000s\000i\000s\000t\000e\000m\000a\000\040\000m\000a\000r\000k\000o\000v\000i\000a\000n\000o\000\040\000d\000e\000\040\000t\000r\000e\000s\000\040\000e\000s\000t\000a\000d\000o\000s}{chapter.10}% 148
\BOOKMARK [1][-]{section.10.7}{\376\377\000E\000x\000t\000e\000n\000s\000i\000\363\000n\000\040\000a\000\040\000r\000e\000c\000u\000r\000s\000o\000s\000\040\000c\000o\000r\000r\000e\000l\000a\000c\000i\000o\000n\000a\000d\000o\000s}{chapter.10}% 149
\BOOKMARK [1][-]{section.10.8}{\376\377\000I\000m\000p\000l\000e\000m\000e\000n\000t\000a\000c\000i\000\363\000n\000\040\000d\000e\000l\000\040\000m\000\363\000d\000u\000l\000o}{chapter.10}% 150
\BOOKMARK [0][-]{chapter.11}{\376\377\000M\000\351\000t\000o\000d\000o\000s\000\040\000n\000u\000m\000\351\000r\000i\000c\000o\000s}{}% 151
\BOOKMARK [1][-]{section.11.1}{\376\377\000I\000n\000t\000e\000g\000r\000a\000c\000i\000\363\000n\000\040\000t\000e\000m\000p\000o\000r\000a\000l\000\040\000d\000e\000\040\000e\000c\000u\000a\000c\000i\000o\000n\000e\000s\000\040\000d\000i\000f\000e\000r\000e\000n\000c\000i\000a\000l\000e\000s\000\040\000o\000r\000d\000i\000n\000a\000r\000i\000a\000s\000:\000\040\000R\000u\000n\000g\000e\000-\000K\000u\000t\000t\000a\000\040\000d\000e\000\040\0004\000\272\000\040\000o\000r\000d\000e\000n}{chapter.11}% 152
\BOOKMARK [2][-]{subsection.11.1.1}{\376\377\000F\000o\000r\000m\000u\000l\000a\000c\000i\000\363\000n}{section.11.1}% 153
\BOOKMARK [2][-]{subsection.11.1.2}{\376\377\000E\000r\000r\000o\000r\000\040\000d\000e\000\040\000t\000r\000u\000n\000c\000a\000m\000i\000e\000n\000t\000o}{section.11.1}% 154
\BOOKMARK [2][-]{subsection.11.1.3}{\376\377\000A\000p\000l\000i\000c\000a\000c\000i\000\363\000n\000\040\000a\000\040\000l\000a\000\040\000e\000c\000u\000a\000c\000i\000\363\000n\000\040\000m\000a\000e\000s\000t\000r\000a\000\040\000m\000a\000r\000k\000o\000v\000i\000a\000n\000a}{section.11.1}% 155
\BOOKMARK [1][-]{section.11.2}{\376\377\000I\000n\000t\000e\000g\000r\000a\000c\000i\000\363\000n\000\040\000e\000s\000t\000o\000c\000\341\000s\000t\000i\000c\000a\000:\000\040\000E\000u\000l\000e\000r\000-\000M\000a\000r\000u\000y\000a\000m\000a\000\040\000y\000\040\000e\000s\000q\000u\000e\000m\000a\000s\000\040\000r\000e\000l\000a\000c\000i\000o\000n\000a\000d\000o\000s}{chapter.11}% 156
\BOOKMARK [2][-]{subsection.11.2.1}{\376\377\000E\000s\000q\000u\000e\000m\000a\000\040\000E\000u\000l\000e\000r\000-\000M\000a\000r\000u\000y\000a\000m\000a}{section.11.2}% 157
\BOOKMARK [2][-]{subsection.11.2.2}{\376\377\000C\000o\000n\000d\000i\000c\000i\000o\000n\000e\000s\000\040\000d\000e\000\040\000e\000s\000t\000a\000b\000i\000l\000i\000d\000a\000d}{section.11.2}% 158
\BOOKMARK [2][-]{subsection.11.2.3}{\376\377\000G\000e\000n\000e\000r\000a\000c\000i\000\363\000n\000\040\000d\000e\000\040\000n\000\372\000m\000e\000r\000o\000s\000\040\000a\000l\000e\000a\000t\000o\000r\000i\000o\000s}{section.11.2}% 159
\BOOKMARK [1][-]{section.11.3}{\376\377\000D\000i\000s\000c\000r\000e\000t\000i\000z\000a\000c\000i\000\363\000n\000\040\000e\000s\000p\000a\000c\000i\000a\000l\000:\000\040\000d\000i\000f\000e\000r\000e\000n\000c\000i\000a\000s\000\040\000f\000i\000n\000i\000t\000a\000s\000\040\000y\000\040\000v\000o\000l\000\372\000m\000e\000n\000e\000s\000\040\000f\000i\000n\000i\000t\000o\000s}{chapter.11}% 160
\BOOKMARK [2][-]{subsection.11.3.1}{\376\377\000E\000c\000u\000a\000c\000i\000\363\000n\000\040\000d\000e\000\040\000d\000i\000f\000u\000s\000i\000\363\000n\000\040\0001\000D\000\040\000c\000o\000n\000\040\000e\000s\000q\000u\000e\000m\000a\000\040\000e\000x\000p\000l\000\355\000c\000i\000t\000o}{section.11.3}% 161
\BOOKMARK [2][-]{subsection.11.3.2}{\376\377\000C\000o\000n\000d\000i\000c\000i\000\363\000n\000\040\000C\000F\000L}{section.11.3}% 162
\BOOKMARK [1][-]{section.11.4}{\376\377\000D\000i\000a\000g\000o\000n\000a\000l\000i\000z\000a\000c\000i\000\363\000n\000\040\000d\000e\000\040\000m\000a\000t\000r\000i\000c\000e\000s\000\040\000s\000i\000m\000\351\000t\000r\000i\000c\000a\000s\000:\000\040\000m\000\351\000t\000o\000d\000o\000\040\000d\000e\000\040\000J\000a\000c\000o\000b\000i}{chapter.11}% 163
\BOOKMARK [2][-]{subsection.11.4.1}{\376\377\000A\000l\000g\000o\000r\000i\000t\000m\000o}{section.11.4}% 164
\BOOKMARK [2][-]{subsection.11.4.2}{\376\377\000C\000o\000m\000p\000l\000e\000j\000i\000d\000a\000d\000\040\000y\000\040\000c\000o\000n\000v\000e\000r\000g\000e\000n\000c\000i\000a}{section.11.4}% 165
\BOOKMARK [1][-]{section.11.5}{\376\377\000D\000i\000r\000e\000c\000t\000\040\000S\000i\000m\000u\000l\000a\000t\000i\000o\000n\000\040\000M\000o\000n\000t\000e\000\040\000C\000a\000r\000l\000o\000\040\000\050\000D\000S\000M\000C\000\051\000\040\000p\000a\000r\000a\000\040\000g\000a\000s\000e\000s\000\040\000g\000r\000a\000n\000u\000l\000a\000r\000e\000s}{chapter.11}% 166
\BOOKMARK [2][-]{subsection.11.5.1}{\376\377\000A\000l\000g\000o\000r\000i\000t\000m\000o\000\040\000N\000T\000C\000\040\000\050\000N\000o\000-\000T\000i\000m\000e\000\040\000C\000o\000u\000n\000t\000e\000r\000\051}{section.11.5}% 167
\BOOKMARK [2][-]{subsection.11.5.2}{\376\377\000P\000a\000r\000a\000l\000e\000l\000i\000z\000a\000c\000i\000\363\000n\000\040\000O\000p\000e\000n\000M\000P\000\040\000d\000e\000\040\000D\000S\000M\000C}{section.11.5}% 168
\BOOKMARK [1][-]{section.11.6}{\376\377\000D\000i\000n\000\341\000m\000i\000c\000a\000\040\000m\000o\000l\000e\000c\000u\000l\000a\000r\000:\000\040\000V\000e\000l\000o\000c\000i\000t\000y\000-\000V\000e\000r\000l\000e\000t\000\040\000y\000\040\000t\000e\000r\000m\000o\000s\000t\000a\000t\000o\000\040\000d\000e\000\040\000B\000e\000r\000e\000n\000d\000s\000e\000n}{chapter.11}% 169
\BOOKMARK [2][-]{subsection.11.6.1}{\376\377\000V\000e\000l\000o\000c\000i\000t\000y\000-\000V\000e\000r\000l\000e\000t}{section.11.6}% 170
\BOOKMARK [2][-]{subsection.11.6.2}{\376\377\000T\000e\000r\000m\000o\000s\000t\000a\000t\000o\000\040\000d\000e\000\040\000B\000e\000r\000e\000n\000d\000s\000e\000n}{section.11.6}% 171
\BOOKMARK [2][-]{subsection.11.6.3}{\376\377\000P\000o\000t\000e\000n\000c\000i\000a\000l\000\040\000m\000W\000\040\000p\000a\000r\000a\000\040\000a\000g\000u\000a}{section.11.6}% 172
\BOOKMARK [2][-]{subsection.11.6.4}{\376\377\000I\000m\000p\000l\000e\000m\000e\000n\000t\000a\000c\000i\000\363\000n}{section.11.6}% 173
\BOOKMARK [1][-]{section.11.7}{\376\377\000P\000a\000r\000a\000l\000e\000l\000i\000z\000a\000c\000i\000\363\000n\000\040\000h\000\355\000b\000r\000i\000d\000a\000\040\000O\000p\000e\000n\000M\000P\000\040\000+\000\040\000M\000P\000I}{chapter.11}% 174
\BOOKMARK [2][-]{subsection.11.7.1}{\376\377\000D\000i\000s\000t\000r\000i\000b\000u\000c\000i\000\363\000n\000\040\000M\000P\000I}{section.11.7}% 175
\BOOKMARK [2][-]{subsection.11.7.2}{\376\377\000P\000a\000r\000a\000l\000e\000l\000i\000z\000a\000c\000i\000\363\000n\000\040\000O\000p\000e\000n\000M\000P\000\040\000i\000n\000t\000r\000a\000-\000r\000a\000n\000k}{section.11.7}% 176
\BOOKMARK [0][-]{chapter.12}{\376\377\000L\000a\000\040\000s\000u\000i\000t\000e\000\040\000M\000p\000e\000m\000b\000a\000-\000X\000\040\000v\0002\000:\000\040\000i\000m\000p\000l\000e\000m\000e\000n\000t\000a\000c\000i\000\363\000n\000\040\000d\000e\000\040\000l\000o\000s\000\040\000n\000u\000e\000v\000e\000\040\000m\000\363\000d\000u\000l\000o\000s}{}% 177
\BOOKMARK [1][-]{section.12.1}{\376\377\000A\000r\000q\000u\000i\000t\000e\000c\000t\000u\000r\000a\000\040\000g\000e\000n\000e\000r\000a\000l}{chapter.12}% 178
\BOOKMARK [2][-]{subsection.12.1.1}{\376\377\000P\000r\000i\000n\000c\000i\000p\000i\000o\000s\000\040\000d\000e\000\040\000d\000i\000s\000e\000\361\000o}{section.12.1}% 179
\BOOKMARK [2][-]{subsection.12.1.2}{\376\377\000E\000s\000t\000r\000u\000c\000t\000u\000r\000a\000\040\000d\000e\000\040\000d\000i\000r\000e\000c\000t\000o\000r\000i\000o\000s}{section.12.1}% 180
\BOOKMARK [1][-]{section.12.2}{\376\377\000E\000l\000\040\000p\000a\000r\000s\000e\000r\000\040\000I\000N\000I\000:\000\040\000c\000o\000n\000f\000i\000g\000u\000r\000a\000c\000i\000\363\000n\000\040\000d\000e\000\040\000e\000x\000p\000e\000r\000i\000m\000e\000n\000t\000o\000s}{chapter.12}% 181
\BOOKMARK [2][-]{subsection.12.2.1}{\376\377\000S\000i\000n\000t\000a\000x\000i\000s\000\040\000d\000e\000l\000\040\000a\000r\000c\000h\000i\000v\000o\000\040\000d\000e\000\040\000c\000o\000n\000f\000i\000g\000u\000r\000a\000c\000i\000\363\000n}{section.12.2}% 182
\BOOKMARK [2][-]{subsection.12.2.2}{\376\377\000I\000m\000p\000l\000e\000m\000e\000n\000t\000a\000c\000i\000\363\000n\000\040\000d\000e\000l\000\040\000p\000a\000r\000s\000e\000r}{section.12.2}% 183
\BOOKMARK [2][-]{subsection.12.2.3}{\376\377\000V\000a\000l\000i\000d\000a\000c\000i\000\363\000n\000\040\000d\000e\000\040\000c\000o\000n\000f\000i\000g\000u\000r\000a\000c\000i\000o\000n\000e\000s}{section.12.2}% 184
\BOOKMARK [1][-]{section.12.3}{\376\377\000E\000l\000\040\000n\000\372\000c\000l\000e\000o\000\040\000c\000o\000m\000\372\000n\000\040\000\050\000c\000o\000r\000e\000/\000\051}{chapter.12}% 185
\BOOKMARK [2][-]{subsection.12.3.1}{\376\377\000d\000i\000s\000t\000a\000n\000c\000e\000\137\000m\000e\000t\000r\000i\000c\000s\000.\000h\000p\000p}{section.12.3}% 186
\BOOKMARK [2][-]{subsection.12.3.2}{\376\377\000p\000h\000i\000l\000o\000x\000\137\000r\000n\000g\000.\000h\000p\000p}{section.12.3}% 187
\BOOKMARK [2][-]{subsection.12.3.3}{\376\377\000j\000a\000c\000o\000b\000i\000\137\000e\000i\000g\000e\000n\000.\000h\000p\000p}{section.12.3}% 188
\BOOKMARK [2][-]{subsection.12.3.4}{\376\377\000t\000h\000e\000r\000m\000o\000m\000a\000j\000o\000r\000i\000z\000a\000t\000i\000o\000n\000.\000h\000p\000p}{section.12.3}% 189
\BOOKMARK [1][-]{section.12.4}{\376\377\000D\000e\000t\000a\000l\000l\000e\000\040\000d\000e\000\040\000l\000o\000s\000\040\000n\000u\000e\000v\000e\000\040\000m\000\363\000d\000u\000l\000o\000s}{chapter.12}% 190
\BOOKMARK [2][-]{subsection.12.4.1}{\376\377\000m\000p\000e\000m\000b\000a\000\137\000m\000a\000r\000k\000o\000v\000i\000a\000n}{section.12.4}% 191
\BOOKMARK [2][-]{subsection.12.4.2}{\376\377\000m\000p\000e\000m\000b\000a\000\137\000k\000l\000i\000c\000h\000\137\000r\000a\000z}{section.12.4}% 192
\BOOKMARK [2][-]{subsection.12.4.3}{\376\377\000m\000p\000e\000m\000b\000a\000\137\000g\000r\000a\000n\000u\000l\000a\000r\000\137\000a\000n\000a\000l\000y\000t\000i\000c}{section.12.4}% 193
\BOOKMARK [2][-]{subsection.12.4.4}{\376\377\000m\000p\000e\000m\000b\000a\000\137\000g\000r\000a\000n\000u\000l\000a\000r\000\137\000d\000s\000m\000c}{section.12.4}% 194
\BOOKMARK [2][-]{subsection.12.4.5}{\376\377\000m\000p\000e\000m\000b\000a\000\137\000l\000a\000n\000g\000e\000v\000i\000n}{section.12.4}% 195
\BOOKMARK [2][-]{subsection.12.4.6}{\376\377\000m\000p\000e\000m\000b\000a\000\137\000l\000a\000n\000g\000e\000v\000i\000n\000\137\000i\000n\000v\000e\000r\000s\000e}{section.12.4}% 196
\BOOKMARK [2][-]{subsection.12.4.7}{\376\377\000m\000p\000e\000m\000b\000a\000\137\000w\000a\000t\000e\000r\000\137\000f\000o\000u\000r\000i\000e\000r}{section.12.4}% 197
\BOOKMARK [2][-]{subsection.12.4.8}{\376\377\000m\000p\000e\000m\000b\000a\000\137\000w\000a\000t\000e\000r\000\137\000m\000d}{section.12.4}% 198
\BOOKMARK [2][-]{subsection.12.4.9}{\376\377\000m\000p\000e\000m\000b\000a\000\137\000q\000u\000a\000n\000t\000u\000m\000\137\000l\000i\000n\000d\000b\000l\000a\000d}{section.12.4}% 199
\BOOKMARK [2][-]{subsection.12.4.10}{\376\377\000m\000p\000e\000m\000b\000a\000\137\000t\000h\000e\000r\000m\000o\000m\000a\000j\000o\000r\000i\000z\000a\000t\000i\000o\000n}{section.12.4}% 200
\BOOKMARK [1][-]{section.12.5}{\376\377\000C\000o\000m\000a\000n\000d\000o\000s\000\040\000d\000e\000\040\000e\000j\000e\000c\000u\000c\000i\000\363\000n\000\040\000t\000\355\000p\000i\000c\000o\000s}{chapter.12}% 201
\BOOKMARK [1][-]{section.12.6}{\376\377\000T\000a\000b\000l\000a\000\040\000r\000e\000s\000u\000m\000e\000n\000\040\000d\000e\000\040\000r\000e\000n\000d\000i\000m\000i\000e\000n\000t\000o}{chapter.12}% 202
\BOOKMARK [0][-]{chapter.13}{\376\377\000A\000n\000\341\000l\000i\000s\000i\000s\000\040\000d\000e\000\040\000r\000e\000s\000u\000l\000t\000a\000d\000o\000s\000\040\000d\000e\000\040\000M\000p\000e\000m\000b\000a\000-\000X\000\040\000v\0002\000\040\000y\000\040\000c\000o\000n\000c\000l\000u\000s\000i\000o\000n\000e\000s}{}% 203
\BOOKMARK [1][-]{section.13.1}{\376\377\000R\000e\000s\000u\000l\000t\000a\000d\000o\000\040\0001\000:\000\040\000e\000f\000e\000c\000t\000o\000\040\000M\000p\000e\000m\000b\000a\000\040\000m\000a\000r\000k\000o\000v\000i\000a\000n\000o\000\040\000\050\000L\000u\000-\000R\000a\000z\000\040\0002\0000\0001\0007\000\051}{chapter.13}% 204
\BOOKMARK [2][-]{subsection.13.1.1}{\376\377\000C\000o\000n\000f\000i\000g\000u\000r\000a\000c\000i\000\363\000n\000\040\000u\000t\000i\000l\000i\000z\000a\000d\000a}{section.13.1}% 205
\BOOKMARK [2][-]{subsection.13.1.2}{\376\377\000O\000b\000s\000e\000r\000v\000a\000c\000i\000o\000n\000e\000s\000\040\000n\000u\000m\000\351\000r\000i\000c\000a\000s}{section.13.1}% 206
\BOOKMARK [2][-]{subsection.13.1.3}{\376\377\000D\000i\000a\000g\000n\000\363\000s\000t\000i\000c\000o\000\040\000d\000e\000\040\000t\000e\000r\000m\000o\000m\000a\000y\000o\000r\000i\000z\000a\000c\000i\000\363\000n}{section.13.1}% 207
\BOOKMARK [2][-]{subsection.13.1.4}{\376\377\000I\000n\000t\000e\000r\000p\000r\000e\000t\000a\000c\000i\000\363\000n}{section.13.1}% 208
\BOOKMARK [1][-]{section.13.2}{\376\377\000R\000e\000s\000u\000l\000t\000a\000d\000o\000\040\0002\000:\000\040\000e\000f\000e\000c\000t\000o\000\040\000M\000p\000e\000m\000b\000a\000\040\000f\000u\000e\000r\000t\000e\000\040\000e\000n\000\040\000R\000E\000M\000\040\000\050\000K\000l\000i\000c\000h\000-\000R\000a\000z\000\040\0002\0000\0001\0009\000\051}{chapter.13}% 209
\BOOKMARK [2][-]{subsection.13.2.1}{\376\377\000C\000o\000n\000f\000i\000g\000u\000r\000a\000c\000i\000\363\000n\000\040\000u\000t\000i\000l\000i\000z\000a\000d\000a}{section.13.2}% 210
\BOOKMARK [2][-]{subsection.13.2.2}{\376\377\000E\000s\000t\000a\000d\000\355\000s\000t\000i\000c\000a\000\040\000d\000e\000l\000\040\000\355\000n\000d\000i\000c\000e}{section.13.2}% 211
\BOOKMARK [2][-]{subsection.13.2.3}{\376\377\000C\000o\000m\000p\000a\000r\000a\000c\000i\000\363\000n\000\040\000c\000o\000n\000\040\000l\000a\000\040\000l\000i\000t\000e\000r\000a\000t\000u\000r\000a}{section.13.2}% 212
\BOOKMARK [2][-]{subsection.13.2.4}{\376\377\000R\000e\000a\000l\000i\000z\000a\000c\000i\000\363\000n\000\040\000c\000a\000r\000a\000c\000t\000e\000r\000\355\000s\000t\000i\000c\000a}{section.13.2}% 213
\BOOKMARK [2][-]{subsection.13.2.5}{\376\377\000I\000n\000t\000e\000r\000p\000r\000e\000t\000a\000c\000i\000\363\000n}{section.13.2}% 214
\BOOKMARK [1][-]{section.13.3}{\376\377\000R\000e\000s\000u\000l\000t\000a\000d\000o\000\040\0003\000:\000\040\000g\000r\000a\000n\000u\000l\000a\000r\000\040\000a\000n\000a\000l\000\355\000t\000i\000c\000o\000\040\000\050\000L\000a\000s\000a\000n\000t\000a\000\040\000e\000t\000\040\000a\000l\000.\000\040\0002\0000\0001\0007\000\051}{chapter.13}% 215
\BOOKMARK [2][-]{subsection.13.3.1}{\376\377\000C\000o\000n\000f\000i\000g\000u\000r\000a\000c\000i\000\363\000n\000\040\000u\000t\000i\000l\000i\000z\000a\000d\000a}{section.13.3}% 216
\BOOKMARK [2][-]{subsection.13.3.2}{\376\377\000R\000e\000s\000u\000l\000t\000a\000d\000o\000s}{section.13.3}% 217
\BOOKMARK [2][-]{subsection.13.3.3}{\376\377\000C\000o\000m\000p\000a\000r\000a\000c\000i\000\363\000n\000\040\000c\000o\000n\000\040\000L\000a\000s\000a\000n\000t\000a\000\040\000e\000t\000\040\000a\000l\000.}{section.13.3}% 218
\BOOKMARK [1][-]{section.13.4}{\376\377\000R\000e\000s\000u\000l\000t\000a\000d\000o\000\040\0004\000:\000\040\000L\000a\000n\000g\000e\000v\000i\000n\000\040\000c\000o\000l\000l\000o\000i\000d\000\040\000\050\000K\000u\000m\000a\000r\000-\000B\000e\000c\000h\000h\000o\000e\000f\000e\000r\000\040\0002\0000\0002\0000\000\051}{chapter.13}% 219
\BOOKMARK [2][-]{subsection.13.4.1}{\376\377\000C\000o\000n\000f\000i\000g\000u\000r\000a\000c\000i\000\363\000n\000\040\000u\000t\000i\000l\000i\000z\000a\000d\000a}{section.13.4}% 220
\BOOKMARK [2][-]{subsection.13.4.2}{\376\377\000R\000e\000s\000u\000l\000t\000a\000d\000o\000s}{section.13.4}% 221
\BOOKMARK [2][-]{subsection.13.4.3}{\376\377\000V\000e\000r\000i\000f\000i\000c\000a\000c\000i\000\363\000n\000\040\000c\000u\000a\000n\000t\000i\000t\000a\000t\000i\000v\000a}{section.13.4}% 222
\BOOKMARK [1][-]{section.13.5}{\376\377\000R\000e\000s\000u\000l\000t\000a\000d\000o\000\040\0005\000:\000\040\000e\000f\000e\000c\000t\000o\000\040\000M\000p\000e\000m\000b\000a\000\040\000i\000n\000v\000e\000r\000s\000o\000\040\000\050\000K\000u\000m\000a\000r\000-\000C\000h\000\351\000t\000r\000i\000t\000e\000\040\0002\0000\0002\0002\000\051}{chapter.13}% 223
\BOOKMARK [2][-]{subsection.13.5.1}{\376\377\000C\000o\000n\000f\000i\000g\000u\000r\000a\000c\000i\000\363\000n\000\040\000u\000t\000i\000l\000i\000z\000a\000d\000a}{section.13.5}% 224
\BOOKMARK [2][-]{subsection.13.5.2}{\376\377\000R\000e\000s\000u\000l\000t\000a\000d\000o\000s}{section.13.5}% 225
\BOOKMARK [2][-]{subsection.13.5.3}{\376\377\000A\000n\000\341\000l\000i\000s\000i\000s\000\040\000c\000r\000\355\000t\000i\000c\000o\000:\000\040\000\277\000p\000o\000r\000\040\000q\000u\000\351\000\040\000n\000o\000\040\000s\000e\000\040\000o\000b\000s\000e\000r\000v\000a\000\040\000e\000l\000\040\000e\000f\000e\000c\000t\000o\000?}{section.13.5}% 226
\BOOKMARK [1][-]{section.13.6}{\376\377\000R\000e\000s\000u\000l\000t\000a\000d\000o\000\040\0006\000:\000\040\000M\000p\000e\000m\000b\000a\000\040\000e\000n\000\040\000a\000g\000u\000a\000\040\000m\000a\000c\000r\000o\000s\000c\000\363\000p\000i\000c\000a\000\040\000\050\000Z\000h\000a\000n\000g\000\040\000e\000t\000\040\000a\000l\000.\000\040\0002\0000\0001\0004\000\051}{chapter.13}% 227
\BOOKMARK [2][-]{subsection.13.6.1}{\376\377\000C\000o\000n\000f\000i\000g\000u\000r\000a\000c\000i\000\363\000n\000\040\000d\000e\000l\000\040\000e\000x\000p\000e\000r\000i\000m\000e\000n\000t\000o\000\040\000d\000e\000\040\000d\000e\000m\000o\000s\000t\000r\000a\000c\000i\000\363\000n}{section.13.6}% 228
\BOOKMARK [2][-]{subsection.13.6.2}{\376\377\000V\000i\000s\000u\000a\000l\000i\000z\000a\000c\000i\000\363\000n\000:\000\040\000c\000a\000m\000p\000o\000\040\000T\000\050\000x\000,\000\040\000t\000\051}{section.13.6}% 229
\BOOKMARK [2][-]{subsection.13.6.3}{\376\377\000R\000e\000s\000u\000l\000t\000a\000d\000o\000s\000\040\000c\000u\000a\000n\000t\000i\000t\000a\000t\000i\000v\000o\000s}{section.13.6}% 230
\BOOKMARK [2][-]{subsection.13.6.4}{\376\377\000I\000n\000t\000e\000r\000p\000r\000e\000t\000a\000c\000i\000\363\000n\000\040\000f\000\355\000s\000i\000c\000a}{section.13.6}% 231
\BOOKMARK [2][-]{subsection.13.6.5}{\376\377\000C\000o\000m\000p\000a\000r\000a\000c\000i\000\363\000n\000\040\000c\000o\000n\000\040\000e\000x\000p\000e\000r\000i\000m\000e\000n\000t\000o\000s\000\040\000r\000e\000a\000l\000e\000s}{section.13.6}% 232
\BOOKMARK [1][-]{section.13.7}{\376\377\000R\000e\000s\000u\000l\000t\000a\000d\000o\000\040\0007\000:\000\040\000d\000i\000n\000\341\000m\000i\000c\000a\000\040\000m\000o\000l\000e\000c\000u\000l\000a\000r\000\040\000d\000e\000l\000\040\000a\000g\000u\000a\000\040\000\050\000J\000i\000n\000-\000G\000o\000d\000d\000a\000r\000d\000\040\0002\0000\0001\0005\000\051}{chapter.13}% 233
\BOOKMARK [2][-]{subsection.13.7.1}{\376\377\000C\000o\000n\000f\000i\000g\000u\000r\000a\000c\000i\000\363\000n\000\040\000d\000e\000l\000\040\000t\000e\000s\000t}{section.13.7}% 234
\BOOKMARK [2][-]{subsection.13.7.2}{\376\377\000R\000e\000s\000u\000l\000t\000a\000d\000o\000s}{section.13.7}% 235
\BOOKMARK [2][-]{subsection.13.7.3}{\376\377\000L\000i\000m\000i\000t\000a\000c\000i\000\363\000n\000\040\000c\000r\000\355\000t\000i\000c\000a}{section.13.7}% 236
\BOOKMARK [1][-]{section.13.8}{\376\377\000R\000e\000s\000u\000l\000t\000a\000d\000o\000\040\0008\000:\000\040\000M\000p\000e\000m\000b\000a\000\040\000m\000e\000t\000r\000o\000l\000\363\000g\000i\000c\000o\000\040\000c\000u\000\341\000n\000t\000i\000c\000o\000\040\000\050\000C\000a\000r\000o\000l\000l\000o\000\040\0002\0000\0002\0001\000\040\000+\000\040\000C\000h\000a\000t\000t\000o\000p\000a\000d\000h\000y\000a\000y\000\040\0002\0000\0002\0006\000\051}{chapter.13}% 237
\BOOKMARK [2][-]{subsection.13.8.1}{\376\377\000C\000o\000n\000f\000i\000g\000u\000r\000a\000c\000i\000\363\000n}{section.13.8}% 238
\BOOKMARK [2][-]{subsection.13.8.2}{\376\377\000R\000e\000s\000u\000l\000t\000a\000d\000o\000s\000\040\000c\000l\000a\000v\000e}{section.13.8}% 239
\BOOKMARK [2][-]{subsection.13.8.3}{\376\377\000I\000n\000t\000e\000r\000p\000r\000e\000t\000a\000c\000i\000\363\000n}{section.13.8}% 240
\BOOKMARK [1][-]{section.13.9}{\376\377\000R\000e\000s\000u\000l\000t\000a\000d\000o\000\040\0009\000:\000\040\000t\000e\000r\000m\000o\000m\000a\000y\000o\000r\000i\000z\000a\000c\000i\000\363\000n\000\040\000s\000t\000a\000n\000d\000a\000l\000o\000n\000e}{chapter.13}% 241
\BOOKMARK [1][-]{section.13.10}{\376\377\000S\000\355\000n\000t\000e\000s\000i\000s\000:\000\040\000l\000a\000\040\000f\000i\000g\000u\000r\000a\000\040\000m\000a\000e\000s\000t\000r\000a}{chapter.13}% 242
\BOOKMARK [1][-]{section.13.11}{\376\377\000C\000o\000n\000c\000l\000u\000s\000i\000o\000n\000e\000s\000\040\000y\000\040\000d\000i\000r\000e\000c\000c\000i\000o\000n\000e\000s\000\040\000f\000u\000t\000u\000r\000a\000s}{chapter.13}% 243
\BOOKMARK [2][-]{subsection.13.11.1}{\376\377\000R\000e\000s\000u\000m\000e\000n\000\040\000d\000e\000\040\000l\000o\000g\000r\000o\000s}{section.13.11}% 244
\BOOKMARK [2][-]{subsection.13.11.2}{\376\377\000L\000i\000m\000i\000t\000a\000c\000i\000o\000n\000e\000s\000\040\000r\000e\000c\000o\000n\000o\000c\000i\000d\000a\000s}{section.13.11}% 245
\BOOKMARK [2][-]{subsection.13.11.3}{\376\377\000D\000i\000r\000e\000c\000c\000i\000o\000n\000e\000s\000\040\000d\000e\000\040\000t\000r\000a\000b\000a\000j\000o\000\040\000f\000u\000t\000u\000r\000a\000s}{section.13.11}% 246
\BOOKMARK [2][-]{subsection.13.11.4}{\376\377\000M\000e\000n\000s\000a\000j\000e\000\040\000f\000i\000n\000a\000l}{section.13.11}% 247
\BOOKMARK [0][-]{appendix.Alph1}{\376\377\000D\000e\000m\000o\000s\000t\000r\000a\000c\000i\000o\000n\000e\000s\000\040\000s\000o\000b\000r\000e\000\040\000t\000e\000r\000m\000o\000m\000a\000y\000o\000r\000i\000z\000a\000c\000i\000\363\000n}{}% 248
\BOOKMARK [1][-]{section.Alph1.1}{\376\377\000D\000e\000m\000o\000s\000t\000r\000a\000c\000i\000\363\000n\000\040\000d\000e\000l\000\040\000t\000e\000o\000r\000e\000m\000a\000\040\000d\000e\000\040\000L\000u\000-\000R\000a\000z\000\040\000\050\000t\000h\000m\000:\000l\000u\000r\000a\000z\000c\000r\000i\000t\000e\000r\000i\000o\000n\000\051}{appendix.Alph1}% 249
\BOOKMARK [1][-]{section.Alph1.2}{\376\377\000D\000e\000m\000o\000s\000t\000r\000a\000c\000i\000\363\000n\000\040\000d\000e\000l\000\040\000t\000e\000o\000r\000e\000m\000a\000\040\000d\000e\000\040\000V\000u\000-\000H\000a\000y\000a\000k\000a\000w\000a\000\040\000\050\000t\000h\000m\000:\000v\000u\000h\000a\000y\000a\000k\000a\000w\000a\000\051}{appendix.Alph1}% 250
\BOOKMARK [1][-]{section.Alph1.3}{\376\377\000P\000r\000o\000p\000i\000e\000d\000a\000d\000\040\000d\000e\000\040\000l\000a\000\040\000d\000i\000s\000t\000a\000n\000c\000i\000a\000\040\000e\000n\000t\000r\000\363\000p\000i\000c\000a\000\040\000d\000e\000\040\000L\000u\000-\000R\000a\000z}{appendix.Alph1}% 251
\BOOKMARK [0][-]{appendix.Alph2}{\376\377\000L\000i\000s\000t\000a\000d\000o\000s\000\040\000d\000e\000\040\000c\000\363\000d\000i\000g\000o\000\040\000c\000l\000a\000v\000e}{}% 252
\BOOKMARK [1][-]{section.Alph2.1}{\376\377\000E\000l\000\040\000p\000a\000r\000s\000e\000r\000\040\000I\000N\000I\000\040\000\050\000e\000x\000t\000r\000a\000c\000t\000o\000\040\000d\000e\000\040\000c\000o\000r\000e\000/\000c\000o\000n\000f\000i\000g\000\137\000p\000a\000r\000s\000e\000r\000.\000h\000p\000p\000\051}{appendix.Alph2}% 253
\BOOKMARK [1][-]{section.Alph2.2}{\376\377\000N\000\372\000c\000l\000e\000o\000\040\000d\000e\000\040\000l\000a\000\040\000e\000c\000u\000a\000c\000i\000\363\000n\000\040\000m\000a\000e\000s\000t\000r\000a\000\040\000m\000a\000r\000k\000o\000v\000i\000a\000n\000a}{appendix.Alph2}% 254
\BOOKMARK [1][-]{section.Alph2.3}{\376\377\000I\000n\000t\000e\000g\000r\000a\000d\000o\000r\000\040\000L\000a\000n\000g\000e\000v\000i\000n\000\040\000s\000o\000b\000r\000e\000a\000m\000o\000r\000t\000i\000g\000u\000a\000d\000o}{appendix.Alph2}% 255
\BOOKMARK [1][-]{section.Alph2.4}{\376\377\000E\000s\000q\000u\000e\000m\000a\000\040\000d\000e\000\040\000v\000o\000l\000\372\000m\000e\000n\000e\000s\000\040\000f\000i\000n\000i\000t\000o\000s\000\040\000p\000a\000r\000a\000\040\000e\000c\000u\000a\000c\000i\000\363\000n\000\040\000d\000e\000\040\000F\000o\000u\000r\000i\000e\000r}{appendix.Alph2}% 256
\BOOKMARK [1][-]{section.Alph2.5}{\376\377\000E\000j\000e\000c\000u\000c\000i\000\363\000n\000\040\000t\000\355\000p\000i\000c\000a}{appendix.Alph2}% 257
